<testsuites id="" name="" tests="5" failures="1" skipped="2" errors="0" time="66.831197">
<testsuite name="auth\login.test.ts" timestamp="2026-03-12T06:55:57.124Z" hostname="chromium" tests="3" failures="1" skipped="0" time="37.948" errors="0">
<testcase name="RTSM 인증 테스트 › 페이지 접속 테스트" classname="auth\login.test.ts" time="9.068">
<system-out>
<![CDATA[
[[ATTACHMENT|auth-login-RTSM-인증-테스트-페이지-접속-테스트-chromium\trace.zip]]
]]>
</system-out>
</testcase>
<testcase name="RTSM 인증 테스트 › 디바이스 키 없이 로그인 테스트 (인증번호 단계 포함)" classname="auth\login.test.ts" time="10.664">
<system-out>
<![CDATA[현재 URL: https://rtsm.sso.staging.mavenclinical.com/auth/sign-in?ssogw=eyJyZWRpcmVjdCI6Imh0dHBzOi8vc3RhZ2luZy5ydHNtLm1hdmVuY2xpbmljYWwuY29tL2F1dGgiLCJ1dWlkIjoiMzdlMGE0NmYtZTI1ZC00NmMxLTk1YTktYjY1OTEzOGExMDY4Iiwia2V5IjoiLS0tLS1CRUdJTiBQVUJMSUMgS0VZLS0tLS1cbk1Gc3dEUVlKS29aSWh2Y05BUUVCQlFBRFNnQXdSd0pBZGt2VmdMNmpLOE55MnorVkU1Y280eTlYL0hTVGtDZXNcbmUydkw2N0NkcW1rcFhVd0h2Ky9ta0dzRW5xZFpxa2NEMDFKcEhZQ1NiT1YwTFdaSDgyUXp1UUlEQVFBQlxuLS0tLS1FTkQgUFVCTElDIEtFWS0tLS0tIn0%3D
인증번호 입력이 필요한 상태입니다.

[[ATTACHMENT|auth-login-RTSM-인증-테스트-디바이스-키-없이-로그인-테스트-인증번호-단계-포함--chromium\trace.zip]]
]]>
</system-out>
</testcase>
<testcase name="RTSM 인증 테스트 › 디바이스 키로 로그인 및 로그아웃 테스트 (전체 플로우)" classname="auth\login.test.ts" time="18.216">
<failure message="login.test.ts:57:7 디바이스 키로 로그인 및 로그아웃 테스트 (전체 플로우)" type="FAILURE">
<![CDATA[  [chromium] › auth\login.test.ts:57:7 › RTSM 인증 테스트 › 디바이스 키로 로그인 및 로그아웃 테스트 (전체 플로우) ─────────────

    Error: expect(page).not.toHaveURL(expected) failed

    Expected pattern: not /.*login.*|.*sign-in.*|.*auth.*\/sign-in.*/i
    Received string: "https://cdms.sso.staging.mavenclinical.com/auth/sign-in?ssogw=eyJyZWRpcmVjdCI6Imh0dHBzOi8vc3RhZ2luZy1zYnguY2Rtcy5tYXZlbmNsaW5pY2FsLmNvbS9hdXRoIiwidXVpZCI6ImRlMjdjNzZiLWU1YmEtNDRlNC05ZjhkLTY3ZmJkZTE0ZDFkMiIsImtleSI6Ii0tLS0tQkVHSU4gUFVCTElDIEtFWS0tLS0tXG5NRnN3RFFZSktvWklodmNOQVFFQkJRQURTZ0F3UndKQVcrdFRaZEMyQVg3bEhrYytoQ1AvbWhnL29aT1VuRThEXG5NVWlFcHNua3hlbWZIOEJGRFNadCttY2IxZ3ZtZTNJL1IreTVHdjd4aUpkVXRTeUNUcGZTcVFJREFRQUJcbi0tLS0tRU5EIFBVQkxJQyBLRVktLS0tLSJ9"
    Timeout: 10000ms

    Call log:
      - Expect "not toHaveURL" with timeout 10000ms
        13 × unexpected value "https://cdms.sso.staging.mavenclinical.com/auth/sign-in?ssogw=eyJyZWRpcmVjdCI6Imh0dHBzOi8vc3RhZ2luZy1zYnguY2Rtcy5tYXZlbmNsaW5pY2FsLmNvbS9hdXRoIiwidXVpZCI6ImRlMjdjNzZiLWU1YmEtNDRlNC05ZjhkLTY3ZmJkZTE0ZDFkMiIsImtleSI6Ii0tLS0tQkVHSU4gUFVCTElDIEtFWS0tLS0tXG5NRnN3RFFZSktvWklodmNOQVFFQkJRQURTZ0F3UndKQVcrdFRaZEMyQVg3bEhrYytoQ1AvbWhnL29aT1VuRThEXG5NVWlFcHNua3hlbWZIOEJGRFNadCttY2IxZ3ZtZTNJL1IreTVHdjd4aUpkVXRTeUNUcGZTcVFJREFRQUJcbi0tLS0tRU5EIFBVQkxJQyBLRVktLS0tLSJ9"


       at helpers\page-helpers.ts:143

      141 |     
      142 |     // URL이 로그인 관련 페이지가 아닌지 확인
    > 143 |     await expect(this.page).not.toHaveURL(/.*login.*|.*sign-in.*|.*auth.*\/sign-in.*/i);
          |                                 ^
      144 |     
      145 |     // 기본적으로 body 요소가 존재하는지 확인
      146 |     await expect(this.page.locator('body')).toBeVisible();
        at PageHelpers.verifyLoginSuccess (C:\Users\jkan\e2e_auto\tests\helpers\page-helpers.ts:143:33)
        at verifyLoginSuccess (C:\Users\jkan\e2e_auto\tests\helpers\page-helpers.ts:726:3)
        at C:\Users\jkan\e2e_auto\tests\auth\login.test.ts:66:7

    attachment #1: screenshot (image/png) ──────────────────────────────────────────────────────────
    ..\test-results\auth-login-RTSM-인증-테스트-디바이스-키로-로그인-및-로그아웃-테스트-전체-플로우--chromium\test-failed-1.png
    ────────────────────────────────────────────────────────────────────────────────────────────────

    attachment #2: trace (application/zip) ─────────────────────────────────────────────────────────
    ..\test-results\auth-login-RTSM-인증-테스트-디바이스-키로-로그인-및-로그아웃-테스트-전체-플로우--chromium\trace.zip
    Usage:

        npx playwright show-trace ..\test-results\auth-login-RTSM-인증-테스트-디바이스-키로-로그인-및-로그아웃-테스트-전체-플로우--chromium\trace.zip

    ────────────────────────────────────────────────────────────────────────────────────────────────
]]>
</failure>
<system-out>
<![CDATA[실패 - 현재 URL: https://cdms.sso.staging.mavenclinical.com/auth/sign-in?ssogw=eyJyZWRpcmVjdCI6Imh0dHBzOi8vc3RhZ2luZy1zYnguY2Rtcy5tYXZlbmNsaW5pY2FsLmNvbS9hdXRoIiwidXVpZCI6ImRlMjdjNzZiLWU1YmEtNDRlNC05ZjhkLTY3ZmJkZTE0ZDFkMiIsImtleSI6Ii0tLS0tQkVHSU4gUFVCTElDIEtFWS0tLS0tXG5NRnN3RFFZSktvWklodmNOQVFFQkJRQURTZ0F3UndKQVcrdFRaZEMyQVg3bEhrYytoQ1AvbWhnL29aT1VuRThEXG5NVWlFcHNua3hlbWZIOEJGRFNadCttY2IxZ3ZtZTNJL1IreTVHdjd4aUpkVXRTeUNUcGZTcVFJREFRQUJcbi0tLS0tRU5EIFBVQkxJQyBLRVktLS0tLSJ9

[[ATTACHMENT|auth-login-RTSM-인증-테스트-디바이스-키로-로그인-및-로그아웃-테스트-전체-플로우--chromium\test-failed-1.png]]

[[ATTACHMENT|auth-login-RTSM-인증-테스트-디바이스-키로-로그인-및-로그아웃-테스트-전체-플로우--chromium\trace.zip]]
]]>
</system-out>
</testcase>
</testsuite>
<testsuite name="rtsm\navigation.test.ts" timestamp="2026-03-12T06:55:57.124Z" hostname="chromium" tests="2" failures="0" skipped="2" time="1.484" errors="0">
<testcase name="RTSM 스터디 네비게이션 테스트 › 스터디 선택 및 Dashboard 이동 테스트" classname="rtsm\navigation.test.ts" time="1.484">
<skipped>
</skipped>
</testcase>
<testcase name="RTSM 스터디 네비게이션 테스트 › 스터디 메뉴 네비게이션 테스트" classname="rtsm\navigation.test.ts" time="0">
<skipped>
</skipped>
</testcase>
</testsuite>
</testsuites>